
> gaurav-portfolio@4.0.0 build
> next build

   ▲ Next.js 16.0.3 (Turbopack)
   - Environments: .env.local
   - Experiments (use with caution):
     · optimizePackageImports

   Creating an optimized production build ...
 ✓ Compiled successfully in 14.4s
   Skipping validation of types
   Collecting page data using 7 workers ...
   Generating static pages using 7 workers (0/71) ...
   Generating static pages using 7 workers (17/71) 
   Generating static pages using 7 workers (35/71) 
   Generating static pages using 7 workers (53/71) 
 ✓ Generating static pages using 7 workers (71/71) in 2.4s
   Finalizing page optimization ...

Route (app)
┌ ○ /
├ ○ /_not-found
├ ○ /admin/code-gate
├ ○ /admin/dashboard
├ ○ /admin/login
├ ○ /admin/login-abuse
├ ○ /admin/recycle-bin
├ ○ /admin/testimonials
├ ƒ /api/auth/login
├ ƒ /api/auth/logout
├ ƒ /api/auth/session
├ ƒ /api/ban-appeals
├ ƒ /api/ban-appeals/restore
├ ƒ /api/ban-appeals/review
├ ƒ /api/ban-appeals/status
├ ƒ /api/bubble/messages
├ ƒ /api/bubble/messages/typing
├ ƒ /api/bubble/questions
├ ƒ /api/bubble/resume
├ ƒ /api/bubble/sessions
├ ƒ /api/bubble/sessions/batch-delete
├ ƒ /api/bubble/sessions/delete
├ ƒ /api/bubble/sessions/restore
├ ƒ /api/bubble/settings
├ ƒ /api/bubble/stats
├ ƒ /api/bubble/tooltip
├ ƒ /api/bubble/typing
├ ƒ /api/bug-reports
├ ƒ /api/bug-reports/admin-notes
├ ƒ /api/bug-reports/notify
├ ƒ /api/bug-reports/restore
├ ƒ /api/code-gate/abuse-logs
├ ƒ /api/code-gate/ban-hint
├ ƒ /api/code-gate/check-ban
├ ƒ /api/code-gate/clear-session
├ ƒ /api/code-gate/log-direct-access
├ ƒ /api/code-gate/session
├ ƒ /api/code-gate/verify
├ ƒ /api/contact-submissions
├ ƒ /api/contact-submissions/mark-read
├ ƒ /api/contact-submissions/mark-replied
├ ƒ /api/contact-submissions/restore
├ ƒ /api/currently-working
├ ƒ /api/delete-image
├ ƒ /api/download
├ ƒ /api/my-uuid
├ ƒ /api/notifications
├ ƒ /api/projects
├ ƒ /api/recycle-bin
├ ƒ /api/recycle-bin/cleanup
├ ƒ /api/session
├ ƒ /api/sync-storage-images
├ ƒ /api/tech-stacks
├ ƒ /api/testimonials
├ ƒ /api/upload-image
├ ƒ /api/visitor-analytics/aggregates
├ ƒ /api/visitor-analytics/ban
├ ƒ /api/visitor-analytics/check-ban
├ ƒ /api/visitor-analytics/cleanup-test-data
├ ƒ /api/visitor-analytics/current-visitor
├ ƒ /api/visitor-analytics/delete-all
├ ƒ /api/visitor-analytics/events
├ ƒ /api/visitor-analytics/seed
├ ƒ /api/visitor-analytics/track
├ ƒ /api/visitor-analytics/unban
├ ƒ /api/visitor-analytics/visitors
├ ƒ /api/visitor-analytics/visitors/[id]
├ ƒ /api/visitor-analytics/visitors/batch-delete
├ ƒ /api/visitor-uuid
├ ƒ /api/work-experience
└ ○ /banned


ƒ Proxy (Middleware)

○  (Static)   prerendered as static content
ƒ  (Dynamic)  server-rendered on demand

